<html>
<body>
<pre>
<h1>µVision Build Log</h1>
<h2>Project:</h2>
D:\Study2021\Cvm\lab7(bonus)\lab4Int\ParP-SysTick.uvproj
Project File Date:  11/09/2021

<h2>Output:</h2>
Build target 'SysTick'
compiling SysTick.c...
Src\SysTick.c(46): warning:  #1-D: last line of file ends without a newline
  }
Src\SysTick.c: 1 warning, 0 errors
compiling stm32f10x_gpio.c...
compiling stm32f10x_rcc.c...
compiling misc.c...
compiling stm32f10x_iwdg.c...
compiling core_cm3.c...
compiling system_stm32f10x.c...
assembling startup_stm32f10x_md.s...
linking...
Program Size: Code=1172 RO-data=252 RW-data=0 ZI-data=1632  
".\obj\spl_exmp.axf" - 0 Error(s), 1 Warning(s).
</pre>
</body>
</html>
