<html>
<body>
<pre>
<h1>µVision Build Log</h1>
<h2>Project:</h2>
D:\Study2021\4 ñåì\ÏÌÊ\ucos lab3 mutex\4-1-uCOS-ADC+UART\4-1-uCOS-II-ADC+UART-n.uvproj
Project File Date:  04/26/2022

<h2>Output:</h2>
Rebuild target 'uCosPrioInv'
compiling uCosPrioInv.c...
assembling vectors.s...
compiling stm32f10x_rcc.c...
compiling stm32f10x_gpio.c...
compiling misc.c...
compiling stm32f10x_adc.c...
compiling stm32f10x_usart.c...
compiling stm32f10x_flash.c...
compiling bsp.c...
assembling init.s...
compiling bsp_int.c...
compiling bsp_periph.c...
assembling cpu_a.asm...
compiling cpu_c.c...
assembling os_cpu_a.asm...
compiling os_cpu_c.c...
compiling os_dbg.c...
compiling os_core.c...
compiling os_flag.c...
compiling os_mbox.c...
compiling os_mem.c...
compiling os_mutex.c...
compiling os_q.c...
compiling os_sem.c...
compiling os_task.c...
compiling os_time.c...
compiling os_tmr.c...
linking...
Program Size: Code=7352 RO-data=288 RW-data=80 ZI-data=3364  
".\Obj\OS-ADC-UART.axf" - 0 Error(s), 0 Warning(s).
</pre>
</body>
</html>
