<html>
<body>
<pre>
<h1>µVision Build Log</h1>
<h2>Project:</h2>
D:\Study2021\Cvm\lab9Usart\lab09Usart\Usart.uvproj
Project File Date:  12/14/2021

<h2>Output:</h2>
Rebuild target 'Usart-Poll'
compiling Usart-Poll.c...
Src\Usart-Poll.c(215): warning:  #1-D: last line of file ends without a newline
  }
Src\Usart-Poll.c: 1 warning, 0 errors
compiling stm32f10x_gpio.c...
compiling stm32f10x_rcc.c...
compiling misc.c...
compiling stm32f10x_usart.c...
compiling stm32f10x_exti.c...
compiling core_cm3.c...
compiling system_stm32f10x.c...
assembling startup_stm32f10x_md.s...
linking...
Program Size: Code=2324 RO-data=268 RW-data=64 ZI-data=1648  
".\obj\Usart-Poll.axf" - 0 Error(s), 1 Warning(s).
</pre>
</body>
</html>
