<html>
<body>
<pre>
<h1>µVision Build Log</h1>
<h2>Project:</h2>
C:\work\!!_Раб-Prjs-2015-(думаю, что все)\03_ParP(Regs)-SysTick(курсы)\ParP-SysTick.uvproj
Project File Date:  06/08/2015

<h2>Output:</h2>
Rebuild target 'Pap_SPL'
compiling ParP_SPL.c...
compiling stm32f10x_gpio.c...
compiling stm32f10x_rcc.c...
compiling misc.c...
compiling core_cm3.c...
compiling system_stm32f10x.c...
assembling startup_stm32f10x_md.s...
linking...
Program Size: Code=1112 RO-data=268 RW-data=68 ZI-data=1636  
".\obj\spl_exmp.axf" - 0 Errors, 0 Warning(s).
