<html>
<body>
<pre>
<h1>µVision Build Log</h1>
<h2>Project:</h2>
D:\Study2021\Cvm\splstart\lab5(preamble)-tim\03SysTick\ParP-SysTick.uvproj
Project File Date:  11/03/2021

<h2>Output:</h2>
Build target 'SysTick'
compiling SysTick.c...
compiling stm32f10x_gpio.c...
compiling stm32f10x_rcc.c...
compiling misc.c...
compiling core_cm3.c...
compiling system_stm32f10x.c...
assembling startup_stm32f10x_md.s...
linking...
Program Size: Code=1052 RO-data=268 RW-data=40 ZI-data=1632  
".\obj\spl_exmp.axf" - 0 Error(s), 0 Warning(s).
</pre>
</body>
</html>
