<html>
<body>
<pre>
<h1>µVision Build Log</h1>
<h2>Project:</h2>
D:\Study2021\Cvm\lab3\11_ParP-Regs\ParP-Regs1.uvproj
Project File Date:  11/04/2021

<h2>Output:</h2>
Rebuild target 'ParP-Regs-N'
compiling ParP_Regs_N.c...
compiling stm32f10x_gpio.c...
compiling stm32f10x_rcc.c...
compiling misc.c...
compiling core_cm3.c...
compiling system_stm32f10x.c...
assembling startup_stm32f10x_md.s...
linking...
Program Size: Code=1448 RO-data=268 RW-data=12 ZI-data=1636  
".\obj\ParP-Regs_N.axf" - 0 Error(s), 0 Warning(s).
</pre>
</body>
</html>
