<html>
<body>
<pre>
<h1>µVision Build Log</h1>
<h2>Project:</h2>
C:\work\auth17-cortex\!lab1\11_ParP-Regs\ParP-Regs1.uvproj
Project File Date:  09/12/2017

<h2>Output:</h2>
Rebuild target 'ParP-Regs-D'
compiling ParP_Regs_D.c...
compiling stm32f10x_gpio.c...
compiling stm32f10x_rcc.c...
compiling misc.c...
compiling core_cm3.c...
compiling system_stm32f10x.c...
assembling startup_stm32f10x_md.s...
linking...
Program Size: Code=588 RO-data=252 RW-data=0 ZI-data=1632  
".\obj\ParP-Regs_D.axf" - 0 Error(s), 0 Warning(s).
Load "C:\\work\\auth17-cortex\\!lab1\\11_ParP-Regs\\obj\\ParP-Regs_D.axf" 
Erase Done.
Programming Done.
Verify OK.
Load "C:\\work\\auth17-cortex\\!lab1\\11_ParP-Regs\\obj\\ParP-Regs_D.axf" 
Erase Done.
Programming Done.
Verify OK.
