<html>
<body>
<pre>
<h1>µVision Build Log</h1>
<h2>Project:</h2>
C:\Users\student\Desktop\lab1\11_ParP-Regs\ParP-Regs1.uvproj
Project File Date:  09/12/2017

<h2>Output:</h2>
Load "C:\\Users\\student\\Desktop\\lab1\\11_ParP-Regs\\obj\\ParP-Regs_DSnd.axf" 
Erase Done.
Programming Done.
Verify OK.
Rebuild target 'ParP-Regs_DSnd'
compiling ParP_Regs_DSnd.c...
compiling stm32f10x_gpio.c...
compiling stm32f10x_rcc.c...
compiling misc.c...
compiling core_cm3.c...
compiling system_stm32f10x.c...
assembling startup_stm32f10x_md.s...
linking...
Program Size: Code=740 RO-data=252 RW-data=0 ZI-data=1632  
".\obj\ParP-Regs_DSnd.axf" - 0 Errors, 0 Warning(s).
Load "C:\\Users\\student\\Desktop\\lab1\\11_ParP-Regs\\obj\\ParP-Regs_DSnd.axf" 
Erase Done.
Programming Done.
Verify OK.
Rebuild target 'ParP-Regs_DSnd'
compiling ParP_Regs_DSnd.c...
compiling stm32f10x_gpio.c...
compiling stm32f10x_rcc.c...
compiling misc.c...
compiling core_cm3.c...
compiling system_stm32f10x.c...
assembling startup_stm32f10x_md.s...
linking...
Program Size: Code=740 RO-data=252 RW-data=0 ZI-data=1632  
".\obj\ParP-Regs_DSnd.axf" - 0 Errors, 0 Warning(s).
Load "C:\\Users\\student\\Desktop\\lab1\\11_ParP-Regs\\obj\\ParP-Regs_DSnd.axf" 
Erase Done.
Programming Done.
Verify OK.
Rebuild target 'ParP-Regs_DSnd'
compiling ParP_Regs_DSnd.c...
compiling stm32f10x_gpio.c...
compiling stm32f10x_rcc.c...
compiling misc.c...
compiling core_cm3.c...
compiling system_stm32f10x.c...
assembling startup_stm32f10x_md.s...
linking...
Program Size: Code=780 RO-data=252 RW-data=0 ZI-data=1632  
".\obj\ParP-Regs_DSnd.axf" - 0 Errors, 0 Warning(s).
Load "C:\\Users\\student\\Desktop\\lab1\\11_ParP-Regs\\obj\\ParP-Regs_DSnd.axf" 
Erase Done.
Programming Done.
Verify OK.
